INFO:prophet:Disabling daily seasonality. Run prophet with daily_seasonality=True to override this.
INFO:cmdstanpy:Chain [1] start processing
INFO:cmdstanpy:Chain [1] done processing
INFO:root:Forecast Generated Successfully.
INFO:root:Forecasting Pipeline Completed Successfully.
INFO:prophet:Disabling daily seasonality. Run prophet with daily_seasonality=True to override this.
INFO:cmdstanpy:Chain [1] start processing
INFO:cmdstanpy:Chain [1] done processing
INFO:root:Forecast Generated Successfully.
INFO:root:Forecasting Pipeline Completed Successfully.
INFO:prophet:Disabling yearly seasonality. Run prophet with yearly_seasonality=True to override this.
INFO:prophet:Disabling daily seasonality. Run prophet with daily_seasonality=True to override this.
INFO:cmdstanpy:Chain [1] start processing
INFO:cmdstanpy:Chain [1] done processing
INFO:root:Model Evaluation: {'MAE': 13.692414686094311, 'RMSE': np.float64(15.08780379318231), 'MAPE': np.float64(47.01735921854514), 'R2': -91.80769340545626}
INFO:prophet:Disabling daily seasonality. Run prophet with daily_seasonality=True to override this.
INFO:cmdstanpy:Chain [1] start processing
INFO:cmdstanpy:Chain [1] done processing
INFO:root:Forecast Generated Successfully.
INFO:root:Forecasting Pipeline Completed Successfully.
INFO:prophet:Disabling yearly seasonality. Run prophet with yearly_seasonality=True to override this.
INFO:prophet:Disabling daily seasonality. Run prophet with daily_seasonality=True to override this.
INFO:cmdstanpy:Chain [1] start processing
INFO:cmdstanpy:Chain [1] done processing
INFO:root:Model Evaluation: {'MAE': 13.692414686094311, 'RMSE': np.float64(15.08780379318231), 'MAPE': np.float64(47.01735921854514), 'R2': -91.80769340545626}
INFO:prophet:Disabling daily seasonality. Run prophet with daily_seasonality=True to override this.
INFO:cmdstanpy:Chain [1] start processing
INFO:cmdstanpy:Chain [1] done processing
INFO:root:Forecast Generated Successfully.
INFO:root:Forecasting Pipeline Completed Successfully.
2026-08-01 19:50:03,230 - INFO - Training period: 2023-01-01 to 2024-08-06
2026-08-01 19:50:03,235 - INFO - Testing period: 2024-08-07 to 2024-12-31
2026-08-01 19:50:03,593 - INFO - Chain [1] start processing
2026-08-01 19:50:04,026 - INFO - Chain [1] done processing
2026-08-01 19:50:04,126 - INFO - Model Evaluation: {'MAE': 4.246197211141689, 'RMSE': np.float64(4.82980547346073), 'MAPE': np.float64(14.515535969945104), 'R2': -8.510233986952915}
2026-08-01 19:50:04,392 - INFO - Chain [1] start processing
2026-08-01 19:50:04,584 - INFO - Chain [1] done processing
2026-08-01 19:50:04,784 - INFO - Forecast Generated Successfully.
2026-08-01 19:50:04,784 - INFO - Forecasting Pipeline Completed Successfully.
2026-08-01 19:50:46,743 - INFO - Training period: 2023-01-01 to 2024-08-06
2026-08-01 19:50:46,743 - INFO - Testing period: 2024-08-07 to 2024-12-31
2026-08-01 19:50:47,010 - INFO - Chain [1] start processing
2026-08-01 19:50:47,160 - INFO - Chain [1] done processing
2026-08-01 19:50:47,260 - INFO - Model Evaluation: {'MAE': 4.246197211141689, 'RMSE': np.float64(4.82980547346073), 'MAPE': np.float64(14.515535969945104), 'R2': -8.510233986952915}
2026-08-01 19:50:47,659 - INFO - Chain [1] start processing
2026-08-01 19:50:47,873 - INFO - Chain [1] done processing
2026-08-01 19:50:48,097 - INFO - Forecast Generated Successfully.
2026-08-01 19:50:48,097 - INFO - Forecasting Pipeline Completed Successfully.
2026-08-01 20:07:12,841 - INFO - Training samples: 584
2026-08-01 20:07:12,841 - INFO - Testing samples: 147
2026-08-01 20:07:12,841 - INFO - Training period: 2023-01-01 to 2024-08-06
2026-08-01 20:07:12,841 - INFO - Testing period: 2024-08-07 to 2024-12-31
2026-08-01 20:07:13,242 - INFO - Chain [1] start processing
2026-08-01 20:07:13,687 - INFO - Chain [1] done processing
2026-08-01 20:07:13,803 - INFO - Model Evaluation: {'MAE': 4.246197211141689, 'RMSE': np.float64(4.82980547346073), 'MAPE': np.float64(14.515535969945104), 'R2': -8.510233986952915}
2026-08-01 20:07:13,819 - INFO - Mean Prediction Error: 4.1093 °C
2026-08-01 20:07:14,150 - INFO - Chain [1] start processing
2026-08-01 20:07:14,433 - INFO - Chain [1] done processing
2026-08-01 20:07:14,709 - INFO - Forecast Generated Successfully.
2026-08-01 20:07:14,709 - INFO - Forecasting Pipeline Completed Successfully.
2026-08-05 16:37:45,799 - INFO - Training samples: 584
2026-08-05 16:37:45,808 - INFO - Testing samples: 147
2026-08-05 16:37:45,809 - INFO - Training period: 2023-01-01 to 2024-08-06
2026-08-05 16:37:45,810 - INFO - Testing period: 2024-08-07 to 2024-12-31
2026-08-05 16:37:46,322 - INFO - Chain [1] start processing
2026-08-05 16:37:46,832 - INFO - Chain [1] done processing
2026-08-05 16:37:47,146 - INFO - Model Evaluation: {'MAE': 4.246197211141689, 'RMSE': np.float64(4.82980547346073), 'MAPE': np.float64(14.515535969945104), 'R2': -8.510233986952915}
2026-08-05 16:37:47,204 - INFO - Actual vs Predicted comparison saved to outputs\actual_vs_predicted.csv
2026-08-05 16:37:47,297 - INFO - Mean Prediction Error: 4.1093 °C
2026-08-05 16:37:48,187 - INFO - Chain [1] start processing
2026-08-05 16:37:48,554 - INFO - Chain [1] done processing
2026-08-05 16:37:49,103 - INFO - Forecast Generated Successfully.
2026-08-05 16:37:49,103 - INFO - Forecasting Pipeline Completed Successfully.
2026-08-05 17:12:58,758 - INFO - Training samples: 584
2026-08-05 17:12:58,802 - INFO - Testing samples: 147
2026-08-05 17:12:59,145 - INFO - Chain [1] start processing
2026-08-05 17:12:59,543 - INFO - Chain [1] done processing
2026-08-05 17:12:59,690 - INFO - Actual vs Predicted comparison saved to outputs\actual_vs_predicted.csv
2026-08-05 17:12:59,702 - INFO - Mean Prediction Error: 4.1093 °C
2026-08-05 17:13:00,000 - INFO - Chain [1] start processing
2026-08-05 17:13:00,195 - INFO - Chain [1] done processing
2026-08-05 17:13:00,398 - INFO - Forecast Generated Successfully.
2026-08-05 17:25:10,434 - INFO - Training samples: 584
2026-08-05 17:25:10,434 - INFO - Testing samples: 147
2026-08-05 17:25:10,797 - INFO - Chain [1] start processing
2026-08-05 17:25:11,775 - INFO - Chain [1] done processing
2026-08-05 17:25:11,886 - INFO - Model Evaluation: {'MAE': 3.1271699816125094, 'RMSE': np.float64(3.519553091781519), 'MAPE': np.float64(11.023646579523438), 'R2': -4.050181251961388}
2026-08-05 17:25:11,903 - INFO - Actual vs Predicted comparison saved to outputs\actual_vs_predicted.csv
2026-08-05 17:25:11,914 - INFO - Mean Prediction Error: -2.9761 °C
2026-08-05 17:25:12,206 - INFO - Chain [1] start processing
2026-08-05 17:25:12,624 - INFO - Chain [1] done processing
2026-08-05 17:25:12,871 - INFO - Forecast Generated Successfully.
2026-08-05 17:29:25,305 - INFO - Training samples: 584
2026-08-05 17:29:25,306 - INFO - Testing samples: 147
2026-08-05 17:29:25,957 - INFO - Chain [1] start processing
2026-08-05 17:29:26,226 - INFO - Chain [1] done processing
2026-08-05 17:29:26,326 - INFO - Model Evaluation: {'MAE': 3.316668720391621, 'RMSE': np.float64(3.717134232722528), 'MAPE': np.float64(11.67155193063072), 'R2': -4.633112345315517}
2026-08-05 17:29:26,343 - INFO - Actual vs Predicted comparison saved to outputs\actual_vs_predicted.csv
2026-08-05 17:29:26,355 - INFO - Mean Prediction Error: -3.1867 °C
2026-08-05 17:29:26,629 - INFO - Chain [1] start processing
2026-08-05 17:29:27,176 - INFO - Chain [1] done processing
2026-08-05 17:29:27,403 - INFO - Forecast Generated Successfully.
2026-08-05 17:32:56,724 - INFO - Training samples: 584
2026-08-05 17:32:56,724 - INFO - Testing samples: 147
2026-08-05 17:32:56,724 - INFO - Training period: 2023-01-01 to 2024-08-06
2026-08-05 17:32:56,724 - INFO - Testing period: 2024-08-07 to 2024-12-31
2026-08-05 17:32:56,998 - INFO - Chain [1] start processing
2026-08-05 17:32:57,368 - INFO - Chain [1] done processing
2026-08-05 17:32:57,466 - INFO - Model Evaluation: {'MAE': 4.246197211141689, 'RMSE': np.float64(4.82980547346073), 'MAPE': np.float64(14.515535969945104), 'R2': -8.510233986952915}
2026-08-05 17:32:57,484 - INFO - Actual vs Predicted comparison saved to outputs\actual_vs_predicted.csv
2026-08-05 17:32:57,497 - INFO - Mean Prediction Error: 4.1093 °C
2026-08-05 17:32:57,729 - INFO - Chain [1] start processing
2026-08-05 17:32:57,930 - INFO - Chain [1] done processing
2026-08-05 17:32:58,114 - INFO - Forecast Generated Successfully.
2026-08-05 17:39:14,062 - INFO - Training samples: 584
2026-08-05 17:39:14,062 - INFO - Testing samples: 147
2026-08-05 17:39:14,518 - INFO - Chain [1] start processing
2026-08-05 17:39:15,059 - INFO - Chain [1] done processing
2026-08-05 17:39:15,233 - INFO - Model Evaluation: {'MAE': 3.1271699816125094, 'RMSE': np.float64(3.519553091781519), 'MAPE': np.float64(11.023646579523438), 'R2': -4.050181251961388}
2026-08-05 17:39:15,242 - INFO - Actual vs Predicted comparison saved to outputs\actual_vs_predicted.csv
2026-08-05 17:39:15,253 - INFO - Mean Prediction Error: -2.9761 °C
2026-08-05 17:39:15,628 - INFO - Chain [1] start processing
2026-08-05 17:39:16,847 - INFO - Chain [1] done processing
2026-08-05 17:39:17,338 - INFO - Forecast Generated Successfully.
2026-08-05 17:43:25,275 - INFO - Chain [1] start processing
2026-08-05 17:43:25,430 - INFO - Chain [1] done processing
2026-08-05 17:43:25,729 - INFO - Chain [1] start processing
2026-08-05 17:43:26,056 - INFO - Chain [1] done processing
2026-08-05 17:43:26,418 - INFO - Chain [1] start processing
2026-08-05 17:43:26,605 - INFO - Chain [1] done processing
2026-08-05 17:43:26,927 - INFO - Chain [1] start processing
2026-08-05 17:43:27,138 - INFO - Chain [1] done processing
2026-08-05 17:43:27,483 - INFO - Chain [1] start processing
2026-08-05 17:43:27,639 - INFO - Chain [1] done processing
2026-08-05 17:43:27,732 - INFO - Best model parameters: {'seasonality_mode': 'additive', 'changepoint_prior_scale': 0.01, 'seasonality_prior_scale': 5, 'fourier_order': 5}
2026-08-05 17:43:27,941 - INFO - Chain [1] start processing
2026-08-05 17:43:28,059 - INFO - Chain [1] done processing
2026-08-05 17:43:28,400 - INFO - Chain [1] start processing
2026-08-05 17:43:28,654 - INFO - Chain [1] done processing
2026-08-05 17:43:28,861 - INFO - Forecast Generated Successfully.
2026-08-06 20:29:01,473 - INFO - Chain [1] start processing
2026-08-06 20:29:01,698 - INFO - Chain [1] done processing
2026-08-06 20:29:02,281 - INFO - Chain [1] start processing
2026-08-06 20:29:02,622 - INFO - Chain [1] done processing
2026-08-06 20:29:03,130 - INFO - Chain [1] start processing
2026-08-06 20:29:03,380 - INFO - Chain [1] done processing
2026-08-06 20:29:04,130 - INFO - Chain [1] start processing
2026-08-06 20:29:04,414 - INFO - Chain [1] done processing
2026-08-06 20:29:04,914 - INFO - Chain [1] start processing
2026-08-06 20:29:05,064 - INFO - Chain [1] done processing
2026-08-06 20:29:05,198 - INFO - Best model parameters: {'seasonality_mode': 'additive', 'changepoint_prior_scale': 0.01, 'seasonality_prior_scale': 5, 'fourier_order': 5}
2026-08-06 20:29:05,422 - INFO - Chain [1] start processing
2026-08-06 20:29:05,530 - INFO - Chain [1] done processing
2026-08-06 20:29:06,055 - INFO - Chain [1] start processing
2026-08-06 20:29:06,172 - INFO - Chain [1] done processing
2026-08-06 20:29:06,422 - INFO - Forecast Generated Successfully.
2026-08-06 20:36:37,251 - INFO - Chain [1] start processing
2026-08-06 20:36:37,427 - INFO - Chain [1] done processing
2026-08-06 20:36:37,995 - INFO - Chain [1] start processing
2026-08-06 20:36:38,128 - INFO - Chain [1] done processing
2026-08-06 20:55:40,022 - INFO - Chain [1] start processing
2026-08-06 20:55:40,256 - INFO - Chain [1] done processing
2026-08-06 20:55:40,634 - INFO - Chain [1] start processing
2026-08-06 20:55:40,748 - INFO - Chain [1] done processing
2026-08-06 23:49:03,358 - INFO - Chain [1] start processing
2026-08-06 23:49:03,906 - INFO - Chain [1] done processing
2026-08-06 23:49:05,016 - INFO - Chain [1] start processing
2026-08-06 23:49:05,602 - INFO - Chain [1] done processing
2026-08-08 13:47:10,480 - ERROR - Climate Data File Not Found.
2026-08-08 13:54:05,430 - INFO - Chain [1] start processing
2026-08-08 13:54:06,030 - INFO - Chain [1] done processing
2026-08-08 13:54:07,172 - INFO - Chain [1] start processing
2026-08-08 13:54:08,010 - INFO - Chain [1] done processing
